// Jest Snapshot v1, https://goo.gl/fbAQLP

exports[`BezosHeaderRaw Component matches snapshot 1`] = `
<div
  className="MuiPaper-root MuiPaper-elevation1 paper-css MuiPaper-rounded"
>
  <div
    className="MuiGrid-root MuiGrid-container MuiGrid-spacing-xs-3 MuiGrid-direction-xs-column MuiGrid-align-items-xs-center MuiGrid-justify-xs-center"
  >
    <div
      className="MuiGrid-root MuiGrid-item MuiGrid-grid-xs-12"
    >
      <div
        className="MuiAvatar-root avatar-css"
      >
        <img
          alt="Jeff Bezos"
          className="MuiAvatar-img"
          src="/images/bezos.jpg"
        />
      </div>
    </div>
    <div
      className="MuiGrid-root MuiGrid-item MuiGrid-grid-xs-12"
    >
      <h1
        className="MuiTypography-root MuiTypography-h4 MuiTypography-colorTextPrimary MuiTypography-alignCenter"
      >
        Spend Jeff Bezos' Money
      </h1>
    </div>
  </div>
</div>
`;
